RAM Allocation [bytes]
Variable                                                                          Address   Size
------------------------------------------------------------------------------------------------
glcd_state                                                                        0x065F      29
key                                                                               0x067C      10
dem                                                                               0x0686       2
rx_buffer0                                                                        0x0688      64
rx_wr_index0                                                                      0x06C8       1
rx_rd_index0                                                                      0x06C9       1
rx_counter0                                                                       0x06CA       1
buff                                                                              0x06CB     260
i                                                                                 0x07CF       2
time_s                                                                            0x07D1       2
time_flow                                                                         0x07D3       4
tx_buffer0                                                                        0x07D7      64
tx_wr_index0                                                                      0x0817       1
tx_rd_index0                                                                      0x0818       1
tx_counter0                                                                       0x0819       1
station_receive                                                                   0x081A      12
tay_cam_receive                                                                   0x0826       8
data_receive                                                                      0x082E      18
result                                                                            0x0840       1
data_send                                                                         0x0841      12
_seed                                                                             0x084D       4
gfx_addr                                                                          0x0851       2
gfx_buffer                                                                        0x0853     504

EEPROM Allocation [bytes]
Variable                                                                          Address   Size
------------------------------------------------------------------------------------------------

Register Allocation
Variable                                                                          Register  Size
------------------------------------------------------------------------------------------------
P_Add                                                                             R5           1
Code_tay_cam1                                                                     R4           1
Code_tay_cam2                                                                     R7           1
Code_tay_cam3                                                                     R6           1
Code_tay_cam4                                                                     R9           1
p                                                                                 R8           1
lan_bam                                                                           R11          1
count                                                                             R12,R13      2
flag                                                                              R10          1
rx_buffer_overflow0                                                               R2.0      1bit

FLASH Allocation [words]
Function                                                                          Address   Size
------------------------------------------------------------------------------------------------
del_string                                                                        0x002B2     17
usart0_rx_isr                                                                     0x002C3     52
usart0_tx_isr                                                                     0x002F7     36
timer2_ovf_isr                                                                    0x0031B     43
timer0_ovf_isr                                                                    0x00346     62
putchar                                                                           0x00384     41
config                                                                            0x003AD     24
SPI_RW_TX                                                                         0x003C5     19
RF_Write_TX                                                                       0x003D8     13
SPI_RW_RX                                                                         0x003E5     19
SPI_Read_RX                                                                       0x003F8     25
RF_Init_RX                                                                        0x00411      8
RF_Write_RX                                                                       0x00419      8
RF_Write2_RX                                                                      0x00421     14
RF_Write3_RX                                                                      0x0042F     16
RF_Command_RX                                                                     0x0043F      8
RF_Write_Address_RX                                                               0x00447     40
RF_Mode_RX                                                                        0x0046F      6
RF_Config_RX                                                                      0x00475     15
RF_Read_RX_3                                                                      0x00484     46
put_string                                                                        0x004B2     21
refresh                                                                           0x004C7     18
wait_until                                                                        0x004D9    108
print_border                                                                      0x00628     77
main                                                                              0x00675    289
memset                                                                            0x00796     16
strcat                                                                            0x007A6     17
strlen                                                                            0x007B7     12
strlenf                                                                           0x007C3     13
strstr                                                                            0x007D0     23
itoa                                                                              0x007E7     46
pcd8544_delay_G102                                                                0x00815      1
pcd8544_wrbus_G102                                                                0x00816     23
pcd8544_wrcmd                                                                     0x0082D      5
pcd8544_wrdata_G102                                                               0x00832      5
pcd8544_setaddr_G102                                                              0x00837     23
pcd8544_gotoxy                                                                    0x0084E     13
pcd8544_rdbyte                                                                    0x0085B     14
pcd8544_wrbyte                                                                    0x00869     10
glcd_init                                                                         0x00873    126
glcd_display                                                                      0x008F1     11
glcd_clear                                                                        0x008FC     30
glcd_putpixel                                                                     0x0091A     34
pcd8544_wrmasked_G102                                                             0x0093C     57
glcd_block                                                                        0x00975    490
glcd_clipx                                                                        0x00B5F     23
glcd_clipy                                                                        0x00B76     21
glcd_getcharw_G103                                                                0x00B8B    111
glcd_new_line_G103                                                                0x00BFA     20
glcd_putchar                                                                      0x00C0E     98
glcd_outtext                                                                      0x00C70     16
glcd_putpixelm_G103                                                               0x00C80     26
glcd_moveto                                                                       0x00C9A     12
glcd_line                                                                         0x00CA6    246
put_buff_G105                                                                     0x00D9C     58
_print_G105                                                                       0x00DD6    308
sprintf                                                                           0x00F0A     52
glcd_getmask                                                                      0x00F3E     11
glcd_mappixcolor1bit                                                              0x00F49     40
glcd_readmem                                                                      0x00F71     31
glcd_writemem                                                                     0x00F90     31
