RAM Allocation [bytes]
Variable                                                                          Address   Size
------------------------------------------------------------------------------------------------
glcd_state                                                                        0x066C      29
key                                                                               0x0689      10
cmd                                                                               0x0693     250
dem                                                                               0x078D       2
rx_buffer0                                                                        0x078F      64
rx_wr_index0                                                                      0x07CF       1
rx_rd_index0                                                                      0x07D0       1
rx_counter0                                                                       0x07D1       1
buff                                                                              0x07D2     260
i                                                                                 0x08D6       2
time_s                                                                            0x08D8       2
time_flow                                                                         0x08DA       4
tx_buffer0                                                                        0x08DE      64
tx_wr_index0                                                                      0x091E       1
tx_rd_index0                                                                      0x091F       1
tx_counter0                                                                       0x0920       1
station_receive                                                                   0x0921      12
tay_cam_receive                                                                   0x092D       8
data_receive                                                                      0x0935      18
result                                                                            0x0947       1
data_send                                                                         0x0948      12
_seed                                                                             0x0954       4
gfx_addr                                                                          0x0958       2
gfx_buffer                                                                        0x095A     504

EEPROM Allocation [bytes]
Variable                                                                          Address   Size
------------------------------------------------------------------------------------------------

Register Allocation
Variable                                                                          Register  Size
------------------------------------------------------------------------------------------------
P_Add                                                                             R5           1
Code_tay_cam1                                                                     R4           1
Code_tay_cam2                                                                     R7           1
Code_tay_cam3                                                                     R6           1
Code_tay_cam4                                                                     R9           1
p                                                                                 R8           1
lan_bam                                                                           R11          1
count                                                                             R12,R13      2
flag                                                                              R10          1
rx_buffer_overflow0                                                               R2.0      1bit

FLASH Allocation [words]
Function                                                                          Address   Size
------------------------------------------------------------------------------------------------
del_string                                                                        0x002AF     17
usart0_rx_isr                                                                     0x002C0     52
usart0_tx_isr                                                                     0x002F4     36
timer2_ovf_isr                                                                    0x00318     43
timer0_ovf_isr                                                                    0x00343     62
putchar                                                                           0x00381     41
config                                                                            0x003AA     24
SPI_RW_TX                                                                         0x003C2     19
RF_Write_TX                                                                       0x003D5     13
SPI_RW_RX                                                                         0x003E2     19
SPI_Read_RX                                                                       0x003F5     25
RF_Init_RX                                                                        0x0040E      8
RF_Write_RX                                                                       0x00416      8
RF_Write2_RX                                                                      0x0041E     14
RF_Write3_RX                                                                      0x0042C     16
RF_Command_RX                                                                     0x0043C      8
RF_Write_Address_RX                                                               0x00444     40
RF_Mode_RX                                                                        0x0046C      6
RF_Config_RX                                                                      0x00472     15
RF_Read_RX_3                                                                      0x00481     46
put_string                                                                        0x004AF     21
refresh                                                                           0x004C4     18
wait_until                                                                        0x004D6    108
print_border                                                                      0x00620     77
main                                                                              0x0066D    289
memset                                                                            0x0078E     16
strcat                                                                            0x0079E     17
strcpy                                                                            0x007AF     13
strlen                                                                            0x007BC     12
strlenf                                                                           0x007C8     13
strstr                                                                            0x007D5     23
itoa                                                                              0x007EC     46
pcd8544_delay_G102                                                                0x0081A      1
pcd8544_wrbus_G102                                                                0x0081B     23
pcd8544_wrcmd                                                                     0x00832      5
pcd8544_wrdata_G102                                                               0x00837      5
pcd8544_setaddr_G102                                                              0x0083C     23
pcd8544_gotoxy                                                                    0x00853     13
pcd8544_rdbyte                                                                    0x00860     14
pcd8544_wrbyte                                                                    0x0086E     10
glcd_init                                                                         0x00878    126
glcd_display                                                                      0x008F6     11
glcd_clear                                                                        0x00901     30
glcd_putpixel                                                                     0x0091F     34
pcd8544_wrmasked_G102                                                             0x00941     57
glcd_block                                                                        0x0097A    490
glcd_clipx                                                                        0x00B64     23
glcd_clipy                                                                        0x00B7B     21
glcd_getcharw_G103                                                                0x00B90    111
glcd_new_line_G103                                                                0x00BFF     20
glcd_putchar                                                                      0x00C13     98
glcd_outtext                                                                      0x00C75     16
glcd_putpixelm_G103                                                               0x00C85     26
glcd_moveto                                                                       0x00C9F     12
glcd_line                                                                         0x00CAB    246
put_buff_G105                                                                     0x00DA1     58
_print_G105                                                                       0x00DDB    308
sprintf                                                                           0x00F0F     52
glcd_getmask                                                                      0x00F43     11
glcd_mappixcolor1bit                                                              0x00F4E     40
glcd_readmem                                                                      0x00F76     31
glcd_writemem                                                                     0x00F95     31
