RAM Allocation [bytes]
Variable                                                                          Address   Size
------------------------------------------------------------------------------------------------
glcd_state                                                                        0x062D      29
buff                                                                              0x064A     460
gprs_command                                                                      0x0816       6
entry_id                                                                          0x081C       4
stop                                                                              0x0820       1
send_ok                                                                           0x0821       1
time_s                                                                            0x0822       2
rx_buffer0                                                                        0x0824      64
rx_wr_index0                                                                      0x0864       1
rx_rd_index0                                                                      0x0865       1
rx_counter0                                                                       0x0866       1
tx_buffer0                                                                        0x0867      64
tx_wr_index0                                                                      0x08A7       1
tx_rd_index0                                                                      0x08A8       1
tx_counter0                                                                       0x08A9       1
rx_buffer1                                                                        0x08AA      64
rx_wr_index1                                                                      0x08EA       1
rx_rd_index1                                                                      0x08EB       1
rx_counter1                                                                       0x08EC       1
tx_buffer1                                                                        0x08ED      64
tx_wr_index1                                                                      0x092D       1
tx_rd_index1                                                                      0x092E       1
tx_counter1                                                                       0x092F       1
P_Add                                                                             0x0930       1
Code_tay_cam1                                                                     0x0931       1
Code_tay_cam2                                                                     0x0932       1
Code_tay_cam3                                                                     0x0933       1
Code_tay_cam4                                                                     0x0934       1
station_receive                                                                   0x0935      12
tay_cam_receive                                                                   0x0941       8
data_receive                                                                      0x0949      18
result                                                                            0x095B       1
count                                                                             0x095C       2
dem                                                                               0x095E       4
flag                                                                              0x0962       1
gfx_addr                                                                          0x0963       2
gfx_buffer                                                                        0x0965     504
_seed                                                                             0x0B5D       4

EEPROM Allocation [bytes]
Variable                                                                          Address   Size
------------------------------------------------------------------------------------------------

Register Allocation
Variable                                                                          Register  Size
------------------------------------------------------------------------------------------------
i                                                                                 R4,R5        2
time_flow                                                                         R6,R7        2
j                                                                                 R8,R9        2
k                                                                                 R10,R11      2
new_sms                                                                           R13          1
notified                                                                          R12          1
rx_buffer_overflow0                                                               R2.0      1bit
rx_buffer_overflow1                                                               R2.1      1bit

FLASH Allocation [words]
Function                                                                          Address   Size
------------------------------------------------------------------------------------------------
usart0_rx_isr                                                                     0x00291    222
usart0_tx_isr                                                                     0x0036F     28
putchar                                                                           0x0038B     41
usart1_rx_isr                                                                     0x003B4     43
usart1_tx_isr                                                                     0x003DF     34
putchar1                                                                          0x00401     44
config                                                                            0x0042D     24
SPI_RW_TX                                                                         0x00445     19
RF_Write_TX                                                                       0x00458     13
SPI_RW_RX                                                                         0x00465     19
SPI_Read_RX                                                                       0x00478     25
RF_Init_RX                                                                        0x00491      8
RF_Write_RX                                                                       0x00499      8
RF_Write2_RX                                                                      0x004A1     14
RF_Write3_RX                                                                      0x004AF     16
RF_Command_RX                                                                     0x004BF      8
RF_Write_Address_RX                                                               0x004C7     40
RF_Mode_RX                                                                        0x004EF      6
RF_Config_RX                                                                      0x004F5     22
RF_Read_RX_3                                                                      0x0050B     46
print_border                                                                      0x00539     77
timer0_ovf_isr                                                                    0x00586     75
del_string                                                                        0x005D1     17
put_string                                                                        0x005E2     21
refresh                                                                           0x005F7     17
wait_until                                                                        0x00608    108
wifi_connect                                                                      0x00674     48
read_and_send                                                                     0x006A4    193
main                                                                              0x00765    262
rtc_init                                                                          0x0086B     30
pcd8544_delay_G101                                                                0x00889      1
pcd8544_wrbus_G101                                                                0x0088A     23
pcd8544_wrcmd                                                                     0x008A1      5
pcd8544_wrdata_G101                                                               0x008A6      5
pcd8544_setaddr_G101                                                              0x008AB     23
pcd8544_gotoxy                                                                    0x008C2     13
pcd8544_rdbyte                                                                    0x008CF     14
pcd8544_wrbyte                                                                    0x008DD     10
glcd_init                                                                         0x008E7    126
glcd_display                                                                      0x00965     11
glcd_clear                                                                        0x00970     30
glcd_putpixel                                                                     0x0098E     35
pcd8544_wrmasked_G101                                                             0x009B1     57
glcd_block                                                                        0x009EA    490
glcd_clipx                                                                        0x00BD4     21
glcd_clipy                                                                        0x00BE9     19
glcd_getcharw_G102                                                                0x00BFC    111
glcd_new_line_G102                                                                0x00C6B     20
glcd_putchar                                                                      0x00C7F     98
glcd_outtext                                                                      0x00CE1     17
glcd_putpixelm_G102                                                               0x00CF2     27
glcd_moveto                                                                       0x00D0D     13
glcd_line                                                                         0x00D1A    246
put_buff_G104                                                                     0x00E10     58
_print_G104                                                                       0x00E4A    308
sprintf                                                                           0x00F7E     52
itoa                                                                              0x00FB2     46
memset                                                                            0x00FE0     16
strcat                                                                            0x00FF0     17
strlen                                                                            0x01001     12
strlenf                                                                           0x0100D     13
strstr                                                                            0x0101A     22
glcd_getmask                                                                      0x01030     11
glcd_mappixcolor1bit                                                              0x0103B     40
glcd_readmem                                                                      0x01063     31
glcd_writemem                                                                     0x01082     31
