RAM Allocation [bytes]
Variable                                                                          Address   Size
------------------------------------------------------------------------------------------------
glcd_state                                                                        0x0183      29
buff                                                                              0x01A0      20
station_receive                                                                   0x01B4      24
tay_cam_receive                                                                   0x01CC       8
data_receive                                                                      0x01D4      18
data_send                                                                         0x01E6      24
change                                                                            0x01FE       2
dem                                                                               0x0200       2
distance                                                                          0x0202       4
_seed                                                                             0x0206       4
gfx_addr                                                                          0x020A       2
gfx_buffer                                                                        0x020C     504

EEPROM Allocation [bytes]
Variable                                                                          Address   Size
------------------------------------------------------------------------------------------------

Register Allocation
Variable                                                                          Register  Size
------------------------------------------------------------------------------------------------
dht_nhiet_do                                                                      R5           1
dht_do_am                                                                         R4           1
P_Add                                                                             R7           1
Code_tay_cam1                                                                     R6           1
Code_tay_cam2                                                                     R9           1
Code_tay_cam3                                                                     R8           1
Code_tay_cam4                                                                     R11          1
data_receive_2                                                                    R10          1
result                                                                            R13          1

FLASH Allocation [words]
Function                                                                          Address   Size
------------------------------------------------------------------------------------------------
DHT_GetTemHumi                                                                    0x00179     87
read_adc                                                                          0x001D0     11
config                                                                            0x001DB     19
SPI_RW_TX                                                                         0x001EE     32
RF_Write_TX                                                                       0x0020E     11
RF_Write_Address_TX                                                               0x00219     26
RF_Mode_TX                                                                        0x00233      4
RF_Config_TX                                                                      0x00237     15
RF_Command_TX                                                                     0x00246      5
RF_Send_TX                                                                        0x0024B     35
RF_Init_RX                                                                        0x0026E      8
set_up_sieu_am                                                                    0x00276     20
timer2_ovf                                                                        0x0028A     77
main                                                                              0x002D7    267
put_buff_G101                                                                     0x003E2     44
_print_G101                                                                       0x0040E    277
sprintf                                                                           0x00523     42
pcd8544_delay_G102                                                                0x0054D      1
pcd8544_wrbus_G102                                                                0x0054E     22
pcd8544_wrcmd                                                                     0x00564      5
pcd8544_wrdata_G102                                                               0x00569      5
pcd8544_setaddr_G102                                                              0x0056E     17
pcd8544_gotoxy                                                                    0x0057F     11
pcd8544_rdbyte                                                                    0x0058A     12
pcd8544_wrbyte                                                                    0x00596      7
glcd_init                                                                         0x0059D    101
glcd_display                                                                      0x00602     10
glcd_clear                                                                        0x0060C     25
glcd_putpixel                                                                     0x00625     32
pcd8544_wrmasked_G102                                                             0x00645     55
glcd_block                                                                        0x0067C    407
glcd_clipx                                                                        0x00813     15
glcd_clipy                                                                        0x00822     13
glcd_getcharw_G103                                                                0x0082F     90
glcd_new_line_G103                                                                0x00889     15
glcd_putchar                                                                      0x00898     87
glcd_outtext                                                                      0x008EF     15
glcd_putpixelm_G103                                                               0x008FE     26
glcd_moveto                                                                       0x00918     12
glcd_line                                                                         0x00924    236
memset                                                                            0x00A10     15
strlen                                                                            0x00A1F     11
strlenf                                                                           0x00A2A     12
glcd_getmask                                                                      0x00A36     10
glcd_mappixcolor1bit                                                              0x00A40     39
glcd_readmem                                                                      0x00A67     26
glcd_writemem                                                                     0x00A81     29
