RAM Allocation [bytes]
Variable                                                                          Address   Size
------------------------------------------------------------------------------------------------
glcd_state                                                                        0x0191      29
buff                                                                              0x01AE      20
station_receive                                                                   0x01C2      10
tay_cam_receive                                                                   0x01CC       8
data_receive                                                                      0x01D4      18
data_send                                                                         0x01E6      10
change                                                                            0x01F0       2
dem                                                                               0x01F2       2
distance                                                                          0x01F4       4
_seed                                                                             0x01F8       4
gfx_addr                                                                          0x01FC       2
gfx_buffer                                                                        0x01FE     504

EEPROM Allocation [bytes]
Variable                                                                          Address   Size
------------------------------------------------------------------------------------------------

Register Allocation
Variable                                                                          Register  Size
------------------------------------------------------------------------------------------------
dht_nhiet_do                                                                      R5           1
dht_do_am                                                                         R4           1
P_Add                                                                             R7           1
Code_tay_cam1                                                                     R6           1
Code_tay_cam2                                                                     R9           1
Code_tay_cam3                                                                     R8           1
Code_tay_cam4                                                                     R11          1
data_receive_2                                                                    R10          1
result                                                                            R13          1

FLASH Allocation [words]
Function                                                                          Address   Size
------------------------------------------------------------------------------------------------
DHT_GetTemHumi                                                                    0x00188     87
read_adc                                                                          0x001DF     11
config                                                                            0x001EA     20
SPI_RW_TX                                                                         0x001FE     18
RF_Write_TX                                                                       0x00210     10
RF_Write_Address_TX                                                               0x0021A     24
RF_Mode_TX                                                                        0x00232      4
RF_Config_TX                                                                      0x00236     15
RF_Command_TX                                                                     0x00245      4
RF_Send_TX                                                                        0x00249     34
SPI_RW_RX                                                                         0x0026B     17
RF_Init_RX                                                                        0x0027C      8
RF_Write_RX                                                                       0x00284      9
RF_Command_RX                                                                     0x0028D      5
set_up_sieu_am                                                                    0x00292     20
timer2_ovf                                                                        0x002A6     77
border                                                                            0x002F3     75
main                                                                              0x0033E    188
put_buff_G101                                                                     0x003FA     44
_print_G101                                                                       0x00426    277
sprintf                                                                           0x0053B     42
pcd8544_delay_G102                                                                0x00565      1
pcd8544_wrbus_G102                                                                0x00566     22
pcd8544_wrcmd                                                                     0x0057C      5
pcd8544_wrdata_G102                                                               0x00581      5
pcd8544_setaddr_G102                                                              0x00586     17
pcd8544_gotoxy                                                                    0x00597     11
pcd8544_rdbyte                                                                    0x005A2     12
pcd8544_wrbyte                                                                    0x005AE      7
glcd_init                                                                         0x005B5    101
glcd_display                                                                      0x0061A     10
glcd_clear                                                                        0x00624     25
glcd_putpixel                                                                     0x0063D     32
pcd8544_wrmasked_G102                                                             0x0065D     55
glcd_block                                                                        0x00694    410
glcd_clipx                                                                        0x0082E     15
glcd_clipy                                                                        0x0083D     13
glcd_getcharw_G103                                                                0x0084A     90
glcd_new_line_G103                                                                0x008A4     15
glcd_putchar                                                                      0x008B3     87
glcd_outtext                                                                      0x0090A     15
glcd_putpixelm_G103                                                               0x00919     26
glcd_moveto                                                                       0x00933     12
glcd_line                                                                         0x0093F    235
memset                                                                            0x00A2A     15
strlen                                                                            0x00A39     11
strlenf                                                                           0x00A44     12
glcd_getmask                                                                      0x00A50     10
glcd_mappixcolor1bit                                                              0x00A5A     39
glcd_readmem                                                                      0x00A81     26
glcd_writemem                                                                     0x00A9B     29
