RAM Allocation [bytes]
Variable                                                                          Address   Size
------------------------------------------------------------------------------------------------
glcd_state                                                                        0x067C      29
rx_buffer0                                                                        0x0699      64
buff                                                                              0x06D9     260
tx_buffer0                                                                        0x07DD      64
tx_rd_index0                                                                      0x081D       1
tx_counter0                                                                       0x081E       1
P_Add                                                                             0x081F       1
Code_tay_cam1                                                                     0x0820       1
Code_tay_cam2                                                                     0x0821       1
Code_tay_cam3                                                                     0x0822       1
Code_tay_cam4                                                                     0x0823       1
station_receive                                                                   0x0824      10
tay_cam_receive                                                                   0x082E       8
data_receive                                                                      0x0836      18
result                                                                            0x0848       1
count                                                                             0x0849       2
key                                                                               0x084B      10
_seed                                                                             0x0855       4
gfx_addr                                                                          0x0859       2
gfx_buffer                                                                        0x085B     504

EEPROM Allocation [bytes]
Variable                                                                          Address   Size
------------------------------------------------------------------------------------------------

Register Allocation
Variable                                                                          Register  Size
------------------------------------------------------------------------------------------------
rx_wr_index0                                                                      R5           1
rx_rd_index0                                                                      R4           1
rx_counter0                                                                       R7           1
i                                                                                 R8,R9        2
time_flow                                                                         R10,R11      2
time_s                                                                            R12,R13      2
rx_buffer_overflow0                                                               R2.0      1bit
tx_wr_index0                                                                      R6           1

FLASH Allocation [words]
Function                                                                          Address   Size
------------------------------------------------------------------------------------------------
del_string                                                                        0x002D8     19
usart0_rx_isr                                                                     0x002EB     38
usart0_tx_isr                                                                     0x00311     36
timer0_ovf_isr                                                                    0x00335     24
putchar                                                                           0x0034D     34
put_string                                                                        0x0036F     21
refresh                                                                           0x00384     11
wait_until                                                                        0x0038F     92
config                                                                            0x003EB     26
SPI_RW_TX                                                                         0x00405     19
RF_Write_TX                                                                       0x00418     13
SPI_RW_RX                                                                         0x00425     19
SPI_Read_RX                                                                       0x00438     25
RF_Init_RX                                                                        0x00451      8
RF_Write_RX                                                                       0x00459      8
RF_Write2_RX                                                                      0x00461     14
RF_Write3_RX                                                                      0x0046F     16
RF_Command_RX                                                                     0x0047F      8
RF_Write_Address_RX                                                               0x00487     40
RF_Mode_RX                                                                        0x004AF      6
RF_Config_RX                                                                      0x004B5     22
RF_Read_RX_3                                                                      0x004CB     38
border                                                                            0x004F1     78
wifi_connect                                                                      0x0053F     67
read_and_send                                                                     0x00582    185
main                                                                              0x0063B    268
memset                                                                            0x00747     16
strcat                                                                            0x00757     17
strlen                                                                            0x00768     12
strlenf                                                                           0x00774     13
strstr                                                                            0x00781     23
itoa                                                                              0x00798     46
pcd8544_delay_G102                                                                0x007C6      1
pcd8544_wrbus_G102                                                                0x007C7     23
pcd8544_wrcmd                                                                     0x007DE      5
pcd8544_wrdata_G102                                                               0x007E3      5
pcd8544_setaddr_G102                                                              0x007E8     23
pcd8544_gotoxy                                                                    0x007FF     13
pcd8544_rdbyte                                                                    0x0080C     14
pcd8544_wrbyte                                                                    0x0081A     10
glcd_init                                                                         0x00824    126
glcd_display                                                                      0x008A2     11
glcd_clear                                                                        0x008AD     30
glcd_putpixel                                                                     0x008CB     34
pcd8544_wrmasked_G102                                                             0x008ED     57
glcd_block                                                                        0x00926    490
glcd_clipx                                                                        0x00B10     23
glcd_clipy                                                                        0x00B27     21
glcd_getcharw_G103                                                                0x00B3C    111
glcd_new_line_G103                                                                0x00BAB     20
glcd_putchar                                                                      0x00BBF     98
glcd_outtext                                                                      0x00C21     16
glcd_putpixelm_G103                                                               0x00C31     26
glcd_moveto                                                                       0x00C4B     12
glcd_line                                                                         0x00C57    246
put_buff_G105                                                                     0x00D4D     58
_print_G105                                                                       0x00D87    308
sprintf                                                                           0x00EBB     52
glcd_getmask                                                                      0x00EEF     11
glcd_mappixcolor1bit                                                              0x00EFA     40
glcd_readmem                                                                      0x00F22     31
glcd_writemem                                                                     0x00F41     31
