RAM Allocation [bytes]
Variable                                                                          Address   Size
------------------------------------------------------------------------------------------------
glcd_state                                                                        0x067C      29
rx_buffer0                                                                        0x0699      64
buff                                                                              0x06D9     260
dem                                                                               0x07DD       2
count                                                                             0x07DF       2
tx_buffer0                                                                        0x07E1      64
tx_wr_index0                                                                      0x0821       1
tx_rd_index0                                                                      0x0822       1
tx_counter0                                                                       0x0823       1
P_Add                                                                             0x0824       1
Code_tay_cam1                                                                     0x0825       1
Code_tay_cam2                                                                     0x0826       1
Code_tay_cam3                                                                     0x0827       1
Code_tay_cam4                                                                     0x0828       1
station_receive                                                                   0x0829      10
tay_cam_receive                                                                   0x0833       8
data_receive                                                                      0x083B      18
result                                                                            0x084D       1
key                                                                               0x084E      10
_seed                                                                             0x0858       4
gfx_addr                                                                          0x085C       2
gfx_buffer                                                                        0x085E     504

EEPROM Allocation [bytes]
Variable                                                                          Address   Size
------------------------------------------------------------------------------------------------

Register Allocation
Variable                                                                          Register  Size
------------------------------------------------------------------------------------------------
rx_wr_index0                                                                      R5           1
rx_rd_index0                                                                      R4           1
rx_counter0                                                                       R7           1
i                                                                                 R8,R9        2
time_flow                                                                         R10,R11      2
time_s                                                                            R12,R13      2
flag                                                                              R6           1
rx_buffer_overflow0                                                               R2.0      1bit
