RAM Allocation [bytes]
Variable                                                                          Address   Size
------------------------------------------------------------------------------------------------
glcd_state                                                                        0x0621      29
rx_buffer0                                                                        0x063E      64
buff                                                                              0x067E     260
tx_buffer0                                                                        0x0782      64
tx_rd_index0                                                                      0x07C2       1
tx_counter0                                                                       0x07C3       1
_seed                                                                             0x07C4       4
gfx_addr                                                                          0x07C8       2
gfx_buffer                                                                        0x07CA     504

EEPROM Allocation [bytes]
Variable                                                                          Address   Size
------------------------------------------------------------------------------------------------

Register Allocation
Variable                                                                          Register  Size
------------------------------------------------------------------------------------------------
rx_wr_index0                                                                      R5           1
rx_rd_index0                                                                      R4           1
rx_counter0                                                                       R7           1
i                                                                                 R8,R9        2
time_flow                                                                         R10,R11      2
time_s                                                                            R12,R13      2
rx_buffer_overflow0                                                               R2.0      1bit
tx_wr_index0                                                                      R6           1

FLASH Allocation [words]
Function                                                                          Address   Size
------------------------------------------------------------------------------------------------
del_string                                                                        0x00262     16
usart0_rx_isr                                                                     0x00272     38
getchar                                                                           0x00298     19
usart0_tx_isr                                                                     0x002AB     36
timer0_ovf_isr                                                                    0x002CF     24
putchar                                                                           0x002E7     34
put_string                                                                        0x00309     21
refresh                                                                           0x0031E     21
wait_until                                                                        0x00333    112
read_and_send                                                                     0x003A3    173
main                                                                              0x00450    160
memset                                                                            0x004F0     16
strcat                                                                            0x00500     17
strlen                                                                            0x00511     12
strstr                                                                            0x0051D     23
itoa                                                                              0x00534     46
pcd8544_delay_G102                                                                0x00562      1
pcd8544_wrbus_G102                                                                0x00563     24
pcd8544_wrcmd                                                                     0x0057B      5
pcd8544_wrdata_G102                                                               0x00580      5
pcd8544_setaddr_G102                                                              0x00585     23
pcd8544_gotoxy                                                                    0x0059C     14
pcd8544_rdbyte                                                                    0x005AA     14
pcd8544_wrbyte                                                                    0x005B8     10
glcd_init                                                                         0x005C2    126
glcd_display                                                                      0x00640     11
glcd_clear                                                                        0x0064B     30
pcd8544_wrmasked_G102                                                             0x00669     57
glcd_block                                                                        0x006A2    490
glcd_clipx                                                                        0x0088C     18
glcd_clipy                                                                        0x0089E     16
glcd_getcharw_G103                                                                0x008AE    111
glcd_new_line_G103                                                                0x0091D     20
glcd_putchar                                                                      0x00931     98
glcd_outtext                                                                      0x00993     16
glcd_moveto                                                                       0x009A3     12
glcd_getmask                                                                      0x009AF     11
glcd_mappixcolor1bit                                                              0x009BA     40
glcd_readmem                                                                      0x009E2     31
glcd_writemem                                                                     0x00A01     31
